> Task :build-logic:convention:checkKotlinGradlePluginConfigurationErrors SKIPPED
> Task :build-logic:convention:compileKotlin UP-TO-DATE
> Task :build-logic:convention:compileJava NO-SOURCE
> Task :build-logic:convention:pluginDescriptors UP-TO-DATE
> Task :build-logic:convention:processResources UP-TO-DATE
> Task :build-logic:convention:classes UP-TO-DATE
> Task :build-logic:convention:jar UP-TO-DATE
> Task :androidApp:preBuild UP-TO-DATE
> Task :androidApp:preReleaseBuild UP-TO-DATE
> Task :androidApp:mergeReleaseJniLibFolders UP-TO-DATE
> Task :shared:cargoBuildAndroidReleasearm64v8a UP-TO-DATE
> Task :shared:cargoBuildAndroidReleasex86_64 UP-TO-DATE
> Task :shared:cargoBuildAndroidRelease UP-TO-DATE
> Task :shared:preBuild UP-TO-DATE
> Task :shared:preReleaseBuild UP-TO-DATE
> Task :shared:mergeReleaseJniLibFolders UP-TO-DATE
> Task :shared:mergeReleaseNativeLibs UP-TO-DATE
> Task :shared:copyReleaseJniLibsProjectOnly UP-TO-DATE
> Task :androidApp:mergeReleaseNativeLibs UP-TO-DATE
> Task :androidApp:stripReleaseDebugSymbols UP-TO-DATE
> Task :androidApp:extractReleaseNativeSymbolTables UP-TO-DATE
> Task :androidApp:mergeReleaseNativeDebugMetadata NO-SOURCE
> Task :shared:checkKotlinGradlePluginConfigurationErrors SKIPPED
> Task :shared:convertXmlValueResourcesForAndroidMain NO-SOURCE
> Task :shared:copyNonXmlValueResourcesForAndroidMain NO-SOURCE
> Task :shared:prepareComposeResourcesTaskForAndroidMain NO-SOURCE
> Task :shared:generateResourceAccessorsForAndroidMain SKIPPED
> Task :shared:convertXmlValueResourcesForCommonMain NO-SOURCE
> Task :shared:copyNonXmlValueResourcesForCommonMain NO-SOURCE
> Task :shared:prepareComposeResourcesTaskForCommonMain NO-SOURCE
> Task :shared:generateResourceAccessorsForCommonMain SKIPPED
> Task :shared:generateActualResourceCollectorsForAndroidMain SKIPPED
> Task :shared:generateCommonMainPlatformDatabaseInterface UP-TO-DATE
> Task :shared:generateComposeResClass SKIPPED
> Task :shared:generateExpectResourceCollectorsForCommonMain SKIPPED
> Task :shared:generateReleaseBuildConfig UP-TO-DATE
> Task :shared:generateReleaseResValues UP-TO-DATE
> Task :shared:generateReleaseResources UP-TO-DATE
> Task :shared:packageReleaseResources UP-TO-DATE
> Task :shared:processReleaseNavigationResources UP-TO-DATE
> Task :shared:parseReleaseLocalResources UP-TO-DATE
> Task :shared:generateReleaseRFile UP-TO-DATE
> Task :shared:convertXmlValueResourcesForAndroidRelease NO-SOURCE
> Task :shared:copyNonXmlValueResourcesForAndroidRelease NO-SOURCE
> Task :shared:prepareComposeResourcesTaskForAndroidRelease NO-SOURCE
> Task :shared:generateResourceAccessorsForAndroidRelease SKIPPED
> Task :shared:cargoBuildHost UP-TO-DATE
> Task :shared:generateUniffiKotlin UP-TO-DATE
> Task :shared:compileReleaseKotlinAndroid UP-TO-DATE
> Task :shared:javaPreCompileRelease UP-TO-DATE
> Task :shared:compileReleaseJavaWithJavac UP-TO-DATE
> Task :shared:mergeReleaseGeneratedProguardFiles UP-TO-DATE
> Task :shared:exportReleaseConsumerProguardFiles UP-TO-DATE
> Task :androidApp:buildKotlinToolingMetadata UP-TO-DATE
> Task :androidApp:checkReleaseDuplicateClasses UP-TO-DATE
> Task :androidApp:checkKotlinGradlePluginConfigurationErrors SKIPPED
> Task :shared:writeReleaseAarMetadata UP-TO-DATE
> Task :androidApp:checkReleaseAarMetadata UP-TO-DATE
> Task :androidApp:processReleaseNavigationResources UP-TO-DATE
> Task :androidApp:compileReleaseNavigationResources UP-TO-DATE
> Task :androidApp:generateReleaseResValues UP-TO-DATE
> Task :androidApp:mapReleaseSourceSetPaths UP-TO-DATE
> Task :androidApp:generateReleaseResources UP-TO-DATE
> Task :androidApp:mergeReleaseResources UP-TO-DATE
> Task :androidApp:packageReleaseResources UP-TO-DATE
> Task :androidApp:parseReleaseLocalResources UP-TO-DATE
> Task :androidApp:createReleaseCompatibleScreenManifests UP-TO-DATE
> Task :androidApp:extractDeepLinksRelease UP-TO-DATE
> Task :shared:extractDeepLinksRelease UP-TO-DATE
> Task :shared:processReleaseManifest UP-TO-DATE
> Task :androidApp:processReleaseMainManifest UP-TO-DATE
> Task :androidApp:processReleaseManifest UP-TO-DATE
> Task :androidApp:processReleaseManifestForPackage UP-TO-DATE
> Task :androidApp:processReleaseResources UP-TO-DATE
> Task :shared:bundleLibCompileToJarRelease UP-TO-DATE
> Task :androidApp:compileReleaseKotlin
> Task :androidApp:javaPreCompileRelease
> Task :androidApp:compileReleaseJavaWithJavac NO-SOURCE
> Task :shared:prepareReleaseArtProfile
> Task :androidApp:mergeReleaseArtProfile
> Task :shared:bundleLibRuntimeToJarRelease
> Task :androidApp:expandReleaseArtProfileWildcards
> Task :androidApp:extractProguardFiles
> Task :androidApp:mergeReleaseGeneratedProguardFiles
> Task :androidApp:processReleaseJavaRes
> Task :shared:processReleaseJavaRes
> Task :androidApp:mergeReleaseJavaResource
> Task :androidApp:mergeReleaseStartupProfile
> Task :androidApp:minifyReleaseWithR8
> Task :androidApp:compileReleaseArtProfile
> Task :androidApp:mergeReleaseShaders
> Task :androidApp:compileReleaseShaders NO-SOURCE
> Task :androidApp:generateReleaseAssets UP-TO-DATE
> Task :shared:mergeReleaseShaders
> Task :shared:compileReleaseShaders NO-SOURCE
> Task :shared:copyReleaseComposeResourcesToAndroidAssets
> Task :shared:generateReleaseAssets UP-TO-DATE
> Task :shared:releaseAssetsCopyForAGP NO-SOURCE
> Task :shared:mergeReleaseAssets
> Task :androidApp:mergeReleaseAssets
> Task :androidApp:compressReleaseAssets
> Task :androidApp:extractReleaseVersionControlInfo
> Task :shared:createFullJarRelease
> Task :shared:extractProguardFiles
> Task :shared:generateReleaseLintModel
> Task :shared:prepareLintJarForPublish
> Task :androidApp:generateReleaseLintVitalReportModel
> Task :shared:checkReleaseAarMetadata

> Task :shared:stripReleaseDebugSymbols
Unable to strip the following libraries, packaging them as they are: libtimacad_core.so. Run with --info option to learn more.

> Task :shared:copyReleaseJniLibsProjectAndLocalJars
> Task :shared:extractDeepLinksForAarRelease
> Task :shared:extractReleaseAnnotations
> Task :shared:mergeReleaseConsumerProguardFiles
> Task :shared:mergeReleaseJavaResource
> Task :shared:syncReleaseLibJars
> Task :shared:bundleReleaseLocalLintAar
> Task :shared:lintVitalAnalyzeRelease
> Task :shared:writeReleaseLintModelMetadata
> Task :androidApp:lintVitalAnalyzeRelease
> Task :shared:generateReleaseLintVitalModel
> Task :androidApp:lintVitalReportRelease
> Task :androidApp:lintVitalRelease
> Task :androidApp:convertShrunkResourcesToBinaryRelease
> Task :androidApp:optimizeReleaseResources
> Task :androidApp:collectReleaseDependencies
> Task :androidApp:sdkReleaseDependencyData
> Task :androidApp:validateSigningRelease
> Task :androidApp:writeReleaseAppMetadata
> Task :androidApp:writeReleaseSigningConfigVersions
> Task :androidApp:packageRelease
> Task :androidApp:createReleaseApkListingFileRedirect
> Task :androidApp:assembleRelease
> Task :androidApp:buildReleasePreBundle
> Task :androidApp:configureReleaseDependencies
> Task :androidApp:parseReleaseIntegrityConfig
> Task :androidApp:packageReleaseBundle
> Task :androidApp:signReleaseBundle
> Task :androidApp:produceReleaseBundleIdeListingFile
> Task :androidApp:createReleaseBundleListingFileRedirect
> Task :androidApp:bundleRelease

BUILD SUCCESSFUL in 2m 55s
106 actionable tasks: 57 executed, 49 up-to-date
