10-03 01:35:49.905  9545  9545 I TimStartup: stage=application_create_begin uptime_us=30378769614 thread=main
10-03 01:35:49.905  9545  9545 I TimStartup: stage=application_create_end duration_us=129
10-03 01:35:49.918  9545  9545 I TimStartup: stage=activity_create_begin uptime_us=30378782915 thread=main
10-03 01:35:49.919  9545  9545 I TimStartup: stage=super activity_us=220 uptime_us=30378783178
10-03 01:35:49.919  9545  9545 I TimStartup: stage=database activity_us=773 uptime_us=30378783731
10-03 01:35:49.924  9545  9545 I TimStartup: stage=store activity_us=5124 uptime_us=30378788083
10-03 01:35:49.925  9545  9545 I TimStartup: stage=navigation activity_us=6934 uptime_us=30378789892
10-03 01:35:49.932  9545  9545 I TimStartup: stage=set_content activity_us=13601 uptime_us=30378796560
10-03 01:35:49.932  9545  9545 I TimStartup: stage=activity_create_end duration_us=13669
10-03 01:35:50.026  9545  9852 I TimStartup: stage=cached_day_read_begin uptime_us=30378890062 thread=DefaultDispatcher-worker-1
10-03 01:35:50.043  9545  9852 I TimStartup: stage=cached_day_read_end duration_us=17857
10-03 01:35:50.065  9545  9545 I TimStartup: stage=local_content_frame activity_us=146902 uptime_us=30378929860
10-03 01:35:50.074  9545  9873 I TimStartup: stage=campus_decode_begin uptime_us=30378938768 thread=DefaultDispatcher-worker-6
10-03 01:35:50.322  9545  9873 I TimStartup: stage=campus_decode_end duration_us=247248
10-03 01:35:50.322  9545  9852 I TimStartup: stage=personal_repository_begin uptime_us=30379186412 thread=DefaultDispatcher-worker-1
10-03 01:35:50.322  9545  9852 I TimStartup: stage=personal_repository_end duration_us=80
10-03 01:35:50.322  9545  9873 I TimStartup: stage=campus_native_begin uptime_us=30379186493 thread=DefaultDispatcher-worker-6
10-03 01:35:50.330  9545  9852 I TimStartup: stage=network_bootstrap_begin uptime_us=30379194195 thread=DefaultDispatcher-worker-1
10-03 01:35:50.330  9545  9852 I TimStartup: stage=network_transport_begin uptime_us=30379194252 thread=DefaultDispatcher-worker-1
10-03 01:35:50.330  9545  9852 I TimStartup: stage=network_transport_end duration_us=39
10-03 01:35:50.334  9545  9873 I TimStartup: stage=campus_native_end duration_us=11906
10-03 01:35:50.334  9545  9545 I TimCampus: cached hash=d0e2e4e9290866b000a804c5d4fcf39c82180983c5f62588733848052c75058d nodes=5392
10-03 01:35:50.344  9545  9852 I TimStartup: stage=network_bootstrap_end duration_us=14010
10-03 01:35:51.257  9545  9852 I TimStartup: stage=network_bootstrap_begin uptime_us=30380121277 thread=DefaultDispatcher-worker-1
10-03 01:35:51.262  9545  9852 I TimStartup: stage=network_bootstrap_end duration_us=4935
10-03 01:35:52.068  9545  9852 I TimStartup: stage=fts_warmup_begin uptime_us=30380932048 thread=DefaultDispatcher-worker-1
10-03 01:35:52.071  9545  9852 I TimStartup: stage=fts_warmup_end duration_us=2987
10-03 01:35:53.394  9545  9852 I TimStartup: stage=network_bootstrap_begin uptime_us=30382258362 thread=DefaultDispatcher-worker-1
10-03 01:35:53.399  9545  9852 I TimStartup: stage=network_bootstrap_end duration_us=5456
10-03 01:35:55.651  9546  9546 I TimStartup: stage=application_create_begin uptime_us=30384515032 thread=main
10-03 01:35:55.651  9546  9546 I TimStartup: stage=application_create_end duration_us=83
10-03 01:35:55.659  9546  9546 I TimStartup: stage=activity_create_begin uptime_us=30384523277 thread=main
10-03 01:35:55.659  9546  9546 I TimStartup: stage=super activity_us=118 uptime_us=30384523426
10-03 01:35:55.659  9546  9546 I TimStartup: stage=database activity_us=328 uptime_us=30384523637
10-03 01:35:55.662  9546  9546 I TimStartup: stage=store activity_us=3130 uptime_us=30384526438
10-03 01:35:55.663  9546  9546 I TimStartup: stage=navigation activity_us=3852 uptime_us=30384527161
10-03 01:35:55.672  9546  9546 I TimStartup: stage=set_content activity_us=12741 uptime_us=30384536050
10-03 01:35:55.672  9546  9546 I TimStartup: stage=activity_create_end duration_us=12793
10-03 01:35:55.755  9546  9952 I TimStartup: stage=cached_day_read_begin uptime_us=30384619741 thread=DefaultDispatcher-worker-2
10-03 01:35:55.770  9546  9952 I TimStartup: stage=cached_day_read_end duration_us=14927
10-03 01:35:55.791  9546  9546 I TimStartup: stage=local_content_frame activity_us=132348 uptime_us=30384655656
10-03 01:35:55.801  9546  9974 I TimStartup: stage=campus_decode_begin uptime_us=30384665033 thread=DefaultDispatcher-worker-8
10-03 01:35:56.025  9546  9974 I TimStartup: stage=campus_decode_end duration_us=224086
10-03 01:35:56.025  9546  9974 I TimStartup: stage=personal_repository_begin uptime_us=30384889506 thread=DefaultDispatcher-worker-8
10-03 01:35:56.025  9546  9974 I TimStartup: stage=personal_repository_end duration_us=92
10-03 01:35:56.025  9546  9973 I TimStartup: stage=campus_native_begin uptime_us=30384889709 thread=DefaultDispatcher-worker-7
10-03 01:35:56.029  9546  9974 I TimStartup: stage=network_bootstrap_begin uptime_us=30384893114 thread=DefaultDispatcher-worker-8
10-03 01:35:56.029  9546  9974 I TimStartup: stage=network_transport_begin uptime_us=30384893190 thread=DefaultDispatcher-worker-8
10-03 01:35:56.029  9546  9974 I TimStartup: stage=network_transport_end duration_us=68
10-03 01:35:56.037  9546  9973 I TimStartup: stage=campus_native_end duration_us=11568
10-03 01:35:56.037  9546  9546 I TimCampus: cached hash=d0e2e4e9290866b000a804c5d4fcf39c82180983c5f62588733848052c75058d nodes=5392
10-03 01:35:56.040  9546  9974 I TimStartup: stage=network_bootstrap_end duration_us=11726
10-03 01:35:57.040  9546  9974 I TimStartup: stage=network_bootstrap_begin uptime_us=30385904379 thread=DefaultDispatcher-worker-8
10-03 01:35:57.045  9546  9974 I TimStartup: stage=network_bootstrap_end duration_us=4988
10-03 01:35:57.793  9546  9975 I TimStartup: stage=fts_warmup_begin uptime_us=30386657592 thread=DefaultDispatcher-worker-9
10-03 01:35:57.796  9546  9975 I TimStartup: stage=fts_warmup_end duration_us=3100
10-03 01:35:59.070  9546  9975 I TimStartup: stage=network_bootstrap_begin uptime_us=30387934415 thread=DefaultDispatcher-worker-9
10-03 01:35:59.078  9546  9975 I TimStartup: stage=network_bootstrap_end duration_us=7863
10-03 01:36:01.311  9904  9904 I TimStartup: stage=application_create_begin uptime_us=30390175288 thread=main
10-03 01:36:01.311  9904  9904 I TimStartup: stage=application_create_end duration_us=87
10-03 01:36:01.318  9904  9904 I TimStartup: stage=activity_create_begin uptime_us=30390182933 thread=main
10-03 01:36:01.319  9904  9904 I TimStartup: stage=super activity_us=101 uptime_us=30390183062
10-03 01:36:01.319  9904  9904 I TimStartup: stage=database activity_us=304 uptime_us=30390183265
10-03 01:36:01.322  9904  9904 I TimStartup: stage=store activity_us=3069 uptime_us=30390186030
10-03 01:36:01.322  9904  9904 I TimStartup: stage=navigation activity_us=3791 uptime_us=30390186752
10-03 01:36:01.328  9904  9904 I TimStartup: stage=set_content activity_us=9608 uptime_us=30390192569
10-03 01:36:01.328  9904  9904 I TimStartup: stage=activity_create_end duration_us=9657
10-03 01:36:01.343  9904 10059 I TimStartup: stage=cached_day_read_begin uptime_us=30390207025 thread=DefaultDispatcher-worker-2
10-03 01:36:01.354  9904 10059 I TimStartup: stage=cached_day_read_end duration_us=11381
10-03 01:36:01.428  9904  9904 I TimStartup: stage=local_content_frame activity_us=109625 uptime_us=30390292586
10-03 01:36:01.438  9904 10083 I TimStartup: stage=campus_decode_begin uptime_us=30390302552 thread=DefaultDispatcher-worker-11
10-03 01:36:01.661  9904 10083 I TimStartup: stage=campus_decode_end duration_us=223042
10-03 01:36:01.662  9904 10083 I TimStartup: stage=personal_repository_begin uptime_us=30390526091 thread=DefaultDispatcher-worker-11
10-03 01:36:01.662  9904 10083 I TimStartup: stage=personal_repository_end duration_us=69
10-03 01:36:01.662  9904 10078 I TimStartup: stage=campus_native_begin uptime_us=30390526271 thread=DefaultDispatcher-worker-6
10-03 01:36:01.666  9904 10083 I TimStartup: stage=network_bootstrap_begin uptime_us=30390530519 thread=DefaultDispatcher-worker-11
10-03 01:36:01.666  9904 10083 I TimStartup: stage=network_transport_begin uptime_us=30390530605 thread=DefaultDispatcher-worker-11
10-03 01:36:01.666  9904 10083 I TimStartup: stage=network_transport_end duration_us=61
10-03 01:36:01.673  9904 10078 I TimStartup: stage=campus_native_end duration_us=11675
10-03 01:36:01.674  9904  9904 I TimCampus: cached hash=d0e2e4e9290866b000a804c5d4fcf39c82180983c5f62588733848052c75058d nodes=5392
10-03 01:36:01.681  9904 10083 I TimStartup: stage=network_bootstrap_end duration_us=14766
10-03 01:36:02.697  9904 10078 I TimStartup: stage=network_bootstrap_begin uptime_us=30391561575 thread=DefaultDispatcher-worker-6
10-03 01:36:02.703  9904 10078 I TimStartup: stage=network_bootstrap_end duration_us=5740
10-03 01:36:03.430  9904 10076 I TimStartup: stage=fts_warmup_begin uptime_us=30392294560 thread=DefaultDispatcher-worker-4
10-03 01:36:03.434  9904 10076 I TimStartup: stage=fts_warmup_end duration_us=3638
10-03 01:36:04.572  9904 10076 I TimStartup: stage=network_bootstrap_begin uptime_us=30393435959 thread=DefaultDispatcher-worker-4
10-03 01:36:04.581  9904 10076 I TimStartup: stage=network_bootstrap_end duration_us=9859
10-03 01:36:06.891  9905  9905 I TimStartup: stage=application_create_begin uptime_us=30395755484 thread=main
10-03 01:36:06.891  9905  9905 I TimStartup: stage=application_create_end duration_us=88
10-03 01:36:06.898  9905  9905 I TimStartup: stage=activity_create_begin uptime_us=30395762828 thread=main
10-03 01:36:06.898  9905  9905 I TimStartup: stage=super activity_us=103 uptime_us=30395762959
10-03 01:36:06.899  9905  9905 I TimStartup: stage=database activity_us=306 uptime_us=30395763162
10-03 01:36:06.902  9905  9905 I TimStartup: stage=store activity_us=3148 uptime_us=30395766004
10-03 01:36:06.902  9905  9905 I TimStartup: stage=navigation activity_us=3848 uptime_us=30395766704
10-03 01:36:06.910  9905  9905 I TimStartup: stage=set_content activity_us=11535 uptime_us=30395774391
10-03 01:36:06.910  9905  9905 I TimStartup: stage=activity_create_end duration_us=11584
10-03 01:36:06.990  9905 10149 I TimStartup: stage=cached_day_read_begin uptime_us=30395853312 thread=DefaultDispatcher-worker-1
10-03 01:36:07.002  9905 10149 I TimStartup: stage=cached_day_read_end duration_us=12787
10-03 01:36:07.026  9905  9905 I TimStartup: stage=local_content_frame activity_us=127576 uptime_us=30395890432
10-03 01:36:07.033  9905 10150 I TimStartup: stage=campus_decode_begin uptime_us=30395897738 thread=DefaultDispatcher-worker-2
10-03 01:36:07.249  9905 10150 I TimStartup: stage=campus_decode_end duration_us=215493
10-03 01:36:07.249  9905 10150 I TimStartup: stage=personal_repository_begin uptime_us=30396113633 thread=DefaultDispatcher-worker-2
10-03 01:36:07.249  9905 10150 I TimStartup: stage=personal_repository_end duration_us=88
10-03 01:36:07.249  9905 10171 I TimStartup: stage=campus_native_begin uptime_us=30396113926 thread=DefaultDispatcher-worker-5
10-03 01:36:07.252  9905 10150 I TimStartup: stage=network_bootstrap_begin uptime_us=30396116489 thread=DefaultDispatcher-worker-2
10-03 01:36:07.252  9905 10150 I TimStartup: stage=network_transport_begin uptime_us=30396116569 thread=DefaultDispatcher-worker-2
10-03 01:36:07.252  9905 10150 I TimStartup: stage=network_transport_end duration_us=52
10-03 01:36:07.260  9905 10171 I TimStartup: stage=campus_native_end duration_us=10525
10-03 01:36:07.263  9905  9905 I TimCampus: cached hash=d0e2e4e9290866b000a804c5d4fcf39c82180983c5f62588733848052c75058d nodes=5392
10-03 01:36:07.265  9905 10150 I TimStartup: stage=network_bootstrap_end duration_us=12500
10-03 01:36:08.273  9905 10171 I TimStartup: stage=network_bootstrap_begin uptime_us=30397137710 thread=DefaultDispatcher-worker-5
10-03 01:36:08.279  9905 10171 I TimStartup: stage=network_bootstrap_end duration_us=5440
10-03 01:36:09.029  9905 10173 I TimStartup: stage=fts_warmup_begin uptime_us=30397893163 thread=DefaultDispatcher-worker-8
10-03 01:36:09.032  9905 10173 I TimStartup: stage=fts_warmup_end duration_us=2917
10-03 01:36:10.181  9905 10173 I TimStartup: stage=network_bootstrap_begin uptime_us=30399045825 thread=DefaultDispatcher-worker-8
10-03 01:36:10.190  9905 10173 I TimStartup: stage=network_bootstrap_end duration_us=8369
10-03 01:36:12.527 10007 10007 I TimStartup: stage=application_create_begin uptime_us=30401391722 thread=main
10-03 01:36:12.527 10007 10007 I TimStartup: stage=application_create_end duration_us=78
10-03 01:36:12.535 10007 10007 I TimStartup: stage=activity_create_begin uptime_us=30401399105 thread=main
10-03 01:36:12.535 10007 10007 I TimStartup: stage=super activity_us=104 uptime_us=30401399239
10-03 01:36:12.535 10007 10007 I TimStartup: stage=database activity_us=304 uptime_us=30401399439
10-03 01:36:12.538 10007 10007 I TimStartup: stage=store activity_us=3100 uptime_us=30401402235
10-03 01:36:12.538 10007 10007 I TimStartup: stage=navigation activity_us=3804 uptime_us=30401402939
10-03 01:36:12.547 10007 10007 I TimStartup: stage=set_content activity_us=11984 uptime_us=30401411120
10-03 01:36:12.547 10007 10007 I TimStartup: stage=activity_create_end duration_us=12032
10-03 01:36:12.626 10007 10252 I TimStartup: stage=cached_day_read_begin uptime_us=30401490109 thread=DefaultDispatcher-worker-1
10-03 01:36:12.636 10007 10252 I TimStartup: stage=cached_day_read_end duration_us=10501
10-03 01:36:12.655 10007 10007 I TimStartup: stage=local_content_frame activity_us=120187 uptime_us=30401519322
10-03 01:36:12.667 10007 10281 I TimStartup: stage=campus_decode_begin uptime_us=30401531657 thread=DefaultDispatcher-worker-9
10-03 01:36:12.887 10007 10281 I TimStartup: stage=campus_decode_end duration_us=220268
10-03 01:36:12.888 10007 10281 I TimStartup: stage=personal_repository_begin uptime_us=30401752327 thread=DefaultDispatcher-worker-9
10-03 01:36:12.888 10007 10281 I TimStartup: stage=personal_repository_end duration_us=81
10-03 01:36:12.888 10007 10276 I TimStartup: stage=campus_native_begin uptime_us=30401752556 thread=DefaultDispatcher-worker-6
10-03 01:36:12.892 10007 10280 I TimStartup: stage=network_bootstrap_begin uptime_us=30401756618 thread=DefaultDispatcher-worker-8
10-03 01:36:12.892 10007 10280 I TimStartup: stage=network_transport_begin uptime_us=30401756728 thread=DefaultDispatcher-worker-8
10-03 01:36:12.892 10007 10280 I TimStartup: stage=network_transport_end duration_us=61
10-03 01:36:12.905 10007 10276 I TimStartup: stage=campus_native_end duration_us=16872
10-03 01:36:12.905 10007 10007 I TimCampus: cached hash=d0e2e4e9290866b000a804c5d4fcf39c82180983c5f62588733848052c75058d nodes=5392
10-03 01:36:12.906 10007 10280 I TimStartup: stage=network_bootstrap_end duration_us=13778
10-03 01:36:13.919 10007 10276 I TimStartup: stage=network_bootstrap_begin uptime_us=30402783841 thread=DefaultDispatcher-worker-6
10-03 01:36:13.925 10007 10276 I TimStartup: stage=network_bootstrap_end duration_us=5332
10-03 01:36:14.658 10007 10280 I TimStartup: stage=fts_warmup_begin uptime_us=30403521995 thread=DefaultDispatcher-worker-8
10-03 01:36:14.660 10007 10280 I TimStartup: stage=fts_warmup_end duration_us=2577
10-03 01:36:15.745 10007 10280 I TimStartup: stage=network_bootstrap_begin uptime_us=30404609004 thread=DefaultDispatcher-worker-8
10-03 01:36:15.752 10007 10280 I TimStartup: stage=network_bootstrap_end duration_us=7143
10-03 01:36:19.552 10007 10276 I TimStartup: stage=network_bootstrap_begin uptime_us=30408416665 thread=DefaultDispatcher-worker-6
10-03 01:36:19.560 10007 10276 I TimStartup: stage=network_bootstrap_end duration_us=7336
10-03 01:36:21.067 10108 10108 I TimStartup: stage=application_create_begin uptime_us=30409930961 thread=main
10-03 01:36:21.067 10108 10108 I TimStartup: stage=application_create_end duration_us=98
10-03 01:36:21.077 10108 10108 I TimStartup: stage=activity_create_begin uptime_us=30409941351 thread=main
10-03 01:36:21.077 10108 10108 I TimStartup: stage=super activity_us=78 uptime_us=30409941454
10-03 01:36:21.077 10108 10108 I TimStartup: stage=database activity_us=275 uptime_us=30409941651
10-03 01:36:21.080 10108 10108 I TimStartup: stage=store activity_us=2945 uptime_us=30409944321
10-03 01:36:21.080 10108 10108 I TimStartup: stage=navigation activity_us=3380 uptime_us=30409944755
10-03 01:36:21.087 10108 10108 I TimStartup: stage=set_content activity_us=9962 uptime_us=30409951338
10-03 01:36:21.087 10108 10108 I TimStartup: stage=activity_create_end duration_us=10008
10-03 01:36:21.155 10108 10394 I TimStartup: stage=cached_day_read_begin uptime_us=30410019271 thread=DefaultDispatcher-worker-2
10-03 01:36:21.163 10108 10394 I TimStartup: stage=cached_day_read_end duration_us=8371
10-03 01:36:21.186 10108 10108 I TimStartup: stage=local_content_frame activity_us=109453 uptime_us=30410050829
10-03 01:36:21.190 10108 10415 I TimStartup: stage=campus_decode_begin uptime_us=30410054883 thread=DefaultDispatcher-worker-8
10-03 01:36:21.340 10108 10415 I TimStartup: stage=campus_decode_end duration_us=149817
10-03 01:36:21.341 10108 10415 I TimStartup: stage=personal_repository_begin uptime_us=30410204974 thread=DefaultDispatcher-worker-8
10-03 01:36:21.341 10108 10415 I TimStartup: stage=personal_repository_end duration_us=62
10-03 01:36:21.341 10108 10421 I TimStartup: stage=campus_native_begin uptime_us=30410205108 thread=DefaultDispatcher-worker-12
10-03 01:36:21.345 10108 10414 I TimStartup: stage=network_bootstrap_begin uptime_us=30410209619 thread=DefaultDispatcher-worker-7
10-03 01:36:21.345 10108 10414 I TimStartup: stage=network_transport_begin uptime_us=30410209750 thread=DefaultDispatcher-worker-7
10-03 01:36:21.345 10108 10414 I TimStartup: stage=network_transport_end duration_us=74
10-03 01:36:21.350 10108 10421 I TimStartup: stage=campus_native_end duration_us=9624
10-03 01:36:21.351 10108 10108 I TimCampus: cached hash=d0e2e4e9290866b000a804c5d4fcf39c82180983c5f62588733848052c75058d nodes=5392
10-03 01:36:21.356 10108 10414 I TimStartup: stage=network_bootstrap_end duration_us=10702
10-03 01:36:22.399 10108 10415 I TimStartup: stage=network_bootstrap_begin uptime_us=30411263010 thread=DefaultDispatcher-worker-8
10-03 01:36:22.401 10108 10415 I TimStartup: stage=network_bootstrap_end duration_us=2692
10-03 01:36:23.188 10108 10413 I TimStartup: stage=fts_warmup_begin uptime_us=30412052158 thread=DefaultDispatcher-worker-6
10-03 01:36:23.190 10108 10413 I TimStartup: stage=fts_warmup_end duration_us=2002
10-03 01:36:24.560 10108 10413 I TimStartup: stage=network_bootstrap_begin uptime_us=30413424520 thread=DefaultDispatcher-worker-6
10-03 01:36:24.567 10108 10413 I TimStartup: stage=network_bootstrap_end duration_us=6556
10-03 01:36:26.658 10198 10198 I TimStartup: stage=application_create_begin uptime_us=30415522840 thread=main
10-03 01:36:26.658 10198 10198 I TimStartup: stage=application_create_end duration_us=108
10-03 01:36:26.672 10198 10198 I TimStartup: stage=activity_create_begin uptime_us=30415536355 thread=main
10-03 01:36:26.672 10198 10198 I TimStartup: stage=super activity_us=93 uptime_us=30415536483
10-03 01:36:26.672 10198 10198 I TimStartup: stage=database activity_us=301 uptime_us=30415536690
10-03 01:36:26.675 10198 10198 I TimStartup: stage=store activity_us=3506 uptime_us=30415539896
10-03 01:36:26.676 10198 10198 I TimStartup: stage=navigation activity_us=4025 uptime_us=30415540415
10-03 01:36:26.684 10198 10198 I TimStartup: stage=set_content activity_us=12440 uptime_us=30415548830
10-03 01:36:26.684 10198 10198 I TimStartup: stage=activity_create_end duration_us=12502
10-03 01:36:26.763 10198 10491 I TimStartup: stage=cached_day_read_begin uptime_us=30415627737 thread=DefaultDispatcher-worker-1
10-03 01:36:26.771 10198 10491 I TimStartup: stage=cached_day_read_end duration_us=8232
10-03 01:36:26.795 10198 10198 I TimStartup: stage=local_content_frame activity_us=123340 uptime_us=30415659730
10-03 01:36:26.800 10198 10492 I TimStartup: stage=campus_decode_begin uptime_us=30415664146 thread=DefaultDispatcher-worker-2
10-03 01:36:26.954 10198 10492 I TimStartup: stage=campus_decode_end duration_us=153849
10-03 01:36:26.954 10198 10492 I TimStartup: stage=personal_repository_begin uptime_us=30415818302 thread=DefaultDispatcher-worker-2
10-03 01:36:26.954 10198 10511 I TimStartup: stage=campus_native_begin uptime_us=30415818334 thread=DefaultDispatcher-worker-6
10-03 01:36:26.954 10198 10492 I TimStartup: stage=personal_repository_end duration_us=87
10-03 01:36:26.955 10198 10515 I TimStartup: stage=network_bootstrap_begin uptime_us=30415819815 thread=DefaultDispatcher-worker-10
10-03 01:36:26.955 10198 10515 I TimStartup: stage=network_transport_begin uptime_us=30415819874 thread=DefaultDispatcher-worker-10
10-03 01:36:26.955 10198 10515 I TimStartup: stage=network_transport_end duration_us=26
10-03 01:36:26.966 10198 10515 I TimStartup: stage=network_bootstrap_end duration_us=10732
10-03 01:36:26.967 10198 10511 I TimStartup: stage=campus_native_end duration_us=13258
10-03 01:36:26.967 10198 10198 I TimCampus: cached hash=d0e2e4e9290866b000a804c5d4fcf39c82180983c5f62588733848052c75058d nodes=5392
10-03 01:36:28.066 10198 10492 I TimStartup: stage=network_bootstrap_begin uptime_us=30416930756 thread=DefaultDispatcher-worker-2
10-03 01:36:28.070 10198 10492 I TimStartup: stage=network_bootstrap_end duration_us=4179
10-03 01:36:28.797 10198 10511 I TimStartup: stage=fts_warmup_begin uptime_us=30417661149 thread=DefaultDispatcher-worker-6
10-03 01:36:28.799 10198 10511 I TimStartup: stage=fts_warmup_end duration_us=2116
10-03 01:36:30.049 10198 10511 I TimStartup: stage=network_bootstrap_begin uptime_us=30418913442 thread=DefaultDispatcher-worker-6
10-03 01:36:30.056 10198 10511 I TimStartup: stage=network_bootstrap_end duration_us=6701
10-03 01:36:32.233 10310 10310 I TimStartup: stage=application_create_begin uptime_us=30421097262 thread=main
10-03 01:36:32.233 10310 10310 I TimStartup: stage=application_create_end duration_us=77
10-03 01:36:32.241 10310 10310 I TimStartup: stage=activity_create_begin uptime_us=30421105109 thread=main
10-03 01:36:32.241 10310 10310 I TimStartup: stage=super activity_us=74 uptime_us=30421105208
10-03 01:36:32.241 10310 10310 I TimStartup: stage=database activity_us=225 uptime_us=30421105360
10-03 01:36:32.243 10310 10310 I TimStartup: stage=store activity_us=2804 uptime_us=30421107939
10-03 01:36:32.244 10310 10310 I TimStartup: stage=navigation activity_us=3310 uptime_us=30421108444
10-03 01:36:32.250 10310 10310 I TimStartup: stage=set_content activity_us=9306 uptime_us=30421114441
10-03 01:36:32.250 10310 10310 I TimStartup: stage=activity_create_end duration_us=9349
10-03 01:36:32.315 10310 10593 I TimStartup: stage=cached_day_read_begin uptime_us=30421179322 thread=DefaultDispatcher-worker-2
10-03 01:36:32.323 10310 10593 I TimStartup: stage=cached_day_read_end duration_us=8298
10-03 01:36:32.356 10310 10310 I TimStartup: stage=local_content_frame activity_us=115222 uptime_us=30421220356
10-03 01:36:32.360 10310 10617 I TimStartup: stage=campus_decode_begin uptime_us=30421224961 thread=DefaultDispatcher-worker-8
10-03 01:36:32.505 10310 10617 I TimStartup: stage=campus_decode_end duration_us=144550
10-03 01:36:32.505 10310 10617 I TimStartup: stage=personal_repository_begin uptime_us=30421369836 thread=DefaultDispatcher-worker-8
10-03 01:36:32.505 10310 10617 I TimStartup: stage=personal_repository_end duration_us=87
10-03 01:36:32.506 10310 10593 I TimStartup: stage=campus_native_begin uptime_us=30421369999 thread=DefaultDispatcher-worker-2
10-03 01:36:32.513 10310 10593 I TimStartup: stage=campus_native_end duration_us=7531
10-03 01:36:32.514 10310 10310 I TimCampus: cached hash=d0e2e4e9290866b000a804c5d4fcf39c82180983c5f62588733848052c75058d nodes=5392
10-03 01:36:32.514 10310 10617 I TimStartup: stage=network_bootstrap_begin uptime_us=30421378890 thread=DefaultDispatcher-worker-8
10-03 01:36:32.514 10310 10617 I TimStartup: stage=network_transport_begin uptime_us=30421378934 thread=DefaultDispatcher-worker-8
10-03 01:36:32.514 10310 10617 I TimStartup: stage=network_transport_end duration_us=22
10-03 01:36:32.522 10310 10617 I TimStartup: stage=network_bootstrap_end duration_us=7971
10-03 01:36:33.558 10310 10593 I TimStartup: stage=network_bootstrap_begin uptime_us=30422422860 thread=DefaultDispatcher-worker-2
10-03 01:36:33.564 10310 10593 I TimStartup: stage=network_bootstrap_end duration_us=5976
10-03 01:36:34.358 10310 10623 I TimStartup: stage=fts_warmup_begin uptime_us=30423222299 thread=DefaultDispatcher-worker-14
10-03 01:36:34.360 10310 10623 I TimStartup: stage=fts_warmup_end duration_us=2319
10-03 01:36:35.517 10310 10623 I TimStartup: stage=network_bootstrap_begin uptime_us=30424381637 thread=DefaultDispatcher-worker-14
10-03 01:36:35.525 10310 10623 I TimStartup: stage=network_bootstrap_end duration_us=7872
10-03 01:36:37.808 10443 10443 I TimStartup: stage=application_create_begin uptime_us=30426672642 thread=main
10-03 01:36:37.808 10443 10443 I TimStartup: stage=application_create_end duration_us=78
10-03 01:36:37.816 10443 10443 I TimStartup: stage=activity_create_begin uptime_us=30426680771 thread=main
10-03 01:36:37.816 10443 10443 I TimStartup: stage=super activity_us=74 uptime_us=30426680874
10-03 01:36:37.817 10443 10443 I TimStartup: stage=database activity_us=229 uptime_us=30426681029
10-03 01:36:37.819 10443 10443 I TimStartup: stage=store activity_us=2886 uptime_us=30426683685
10-03 01:36:37.820 10443 10443 I TimStartup: stage=navigation activity_us=3357 uptime_us=30426684157
10-03 01:36:37.826 10443 10443 I TimStartup: stage=set_content activity_us=10005 uptime_us=30426690805
10-03 01:36:37.826 10443 10443 I TimStartup: stage=activity_create_end duration_us=10052
10-03 01:36:37.902 10443 10694 I TimStartup: stage=cached_day_read_begin uptime_us=30426766620 thread=DefaultDispatcher-worker-2
10-03 01:36:37.912 10443 10694 I TimStartup: stage=cached_day_read_end duration_us=9798
10-03 01:36:37.931 10443 10443 I TimStartup: stage=local_content_frame activity_us=114943 uptime_us=30426795743
10-03 01:36:37.936 10443 10694 I TimStartup: stage=campus_decode_begin uptime_us=30426799971 thread=DefaultDispatcher-worker-2
10-03 01:36:38.099 10443 10694 I TimStartup: stage=campus_decode_end duration_us=163616
10-03 01:36:38.099 10443 10694 I TimStartup: stage=personal_repository_begin uptime_us=30426963826 thread=DefaultDispatcher-worker-2
10-03 01:36:38.099 10443 10694 I TimStartup: stage=personal_repository_end duration_us=49
10-03 01:36:38.100 10443 10713 I TimStartup: stage=campus_native_begin uptime_us=30426963968 thread=DefaultDispatcher-worker-4
10-03 01:36:38.103 10443 10694 I TimStartup: stage=network_bootstrap_begin uptime_us=30426967850 thread=DefaultDispatcher-worker-2
10-03 01:36:38.103 10443 10694 I TimStartup: stage=network_transport_begin uptime_us=30426967908 thread=DefaultDispatcher-worker-2
10-03 01:36:38.103 10443 10694 I TimStartup: stage=network_transport_end duration_us=22
10-03 01:36:38.113 10443 10694 I TimStartup: stage=network_bootstrap_end duration_us=9793
10-03 01:36:38.114 10443 10713 I TimStartup: stage=campus_native_end duration_us=14054
10-03 01:36:38.114 10443 10443 I TimCampus: cached hash=d0e2e4e9290866b000a804c5d4fcf39c82180983c5f62588733848052c75058d nodes=5392
10-03 01:36:39.134 10443 10713 I TimStartup: stage=network_bootstrap_begin uptime_us=30427998311 thread=DefaultDispatcher-worker-4
10-03 01:36:39.141 10443 10713 I TimStartup: stage=network_bootstrap_end duration_us=7118
10-03 01:36:39.933 10443 10713 I TimStartup: stage=fts_warmup_begin uptime_us=30428797397 thread=DefaultDispatcher-worker-4
10-03 01:36:39.935 10443 10713 I TimStartup: stage=fts_warmup_end duration_us=1832
10-03 01:36:40.995 10443 10713 I TimStartup: stage=network_bootstrap_begin uptime_us=30429859123 thread=DefaultDispatcher-worker-4
10-03 01:36:41.004 10443 10713 I TimStartup: stage=network_bootstrap_end duration_us=8861
10-03 01:36:43.393 10549 10549 I TimStartup: stage=application_create_begin uptime_us=30432257129 thread=main
10-03 01:36:43.393 10549 10549 I TimStartup: stage=application_create_end duration_us=86
10-03 01:36:43.405 10549 10549 I TimStartup: stage=activity_create_begin uptime_us=30432269069 thread=main
10-03 01:36:43.405 10549 10549 I TimStartup: stage=super activity_us=73 uptime_us=30432269165
10-03 01:36:43.405 10549 10549 I TimStartup: stage=database activity_us=253 uptime_us=30432269344
10-03 01:36:43.407 10549 10549 I TimStartup: stage=store activity_us=2847 uptime_us=30432271938
10-03 01:36:43.408 10549 10549 I TimStartup: stage=navigation activity_us=3312 uptime_us=30432272403
10-03 01:36:43.415 10549 10549 I TimStartup: stage=set_content activity_us=10269 uptime_us=30432279360
10-03 01:36:43.415 10549 10549 I TimStartup: stage=activity_create_end duration_us=10311
10-03 01:36:43.482 10549 10832 I TimStartup: stage=cached_day_read_begin uptime_us=30432346443 thread=DefaultDispatcher-worker-1
10-03 01:36:43.494 10549 10832 I TimStartup: stage=cached_day_read_end duration_us=11715
10-03 01:36:43.509 10549 10549 I TimStartup: stage=local_content_frame activity_us=104540 uptime_us=30432373631
10-03 01:36:43.519 10549 10834 I TimStartup: stage=campus_decode_begin uptime_us=30432383514 thread=DefaultDispatcher-worker-2
10-03 01:36:43.729 10549 10834 I TimStartup: stage=campus_decode_end duration_us=209561
10-03 01:36:43.729 10549 10834 I TimStartup: stage=personal_repository_begin uptime_us=30432593352 thread=DefaultDispatcher-worker-2
10-03 01:36:43.729 10549 10834 I TimStartup: stage=personal_repository_end duration_us=56
10-03 01:36:43.729 10549 10876 I TimStartup: stage=campus_native_begin uptime_us=30432593424 thread=DefaultDispatcher-worker-9
10-03 01:36:43.732 10549 10834 I TimStartup: stage=network_bootstrap_begin uptime_us=30432595970 thread=DefaultDispatcher-worker-2
10-03 01:36:43.732 10549 10834 I TimStartup: stage=network_transport_begin uptime_us=30432596023 thread=DefaultDispatcher-worker-2
10-03 01:36:43.732 10549 10834 I TimStartup: stage=network_transport_end duration_us=24
10-03 01:36:43.741 10549 10876 I TimStartup: stage=campus_native_end duration_us=11605
10-03 01:36:43.741 10549 10549 I TimCampus: cached hash=d0e2e4e9290866b000a804c5d4fcf39c82180983c5f62588733848052c75058d nodes=5392
10-03 01:36:43.744 10549 10834 I TimStartup: stage=network_bootstrap_end duration_us=12636
10-03 01:36:44.730 10549 10834 I TimStartup: stage=network_bootstrap_begin uptime_us=30433594763 thread=DefaultDispatcher-worker-2
10-03 01:36:44.734 10549 10834 I TimStartup: stage=network_bootstrap_end duration_us=3774
10-03 01:36:45.511 10549 10836 I TimStartup: stage=fts_warmup_begin uptime_us=30434374947 thread=DefaultDispatcher-worker-3
10-03 01:36:45.512 10549 10836 I TimStartup: stage=fts_warmup_end duration_us=1468
10-03 01:36:46.682 10549 10836 I TimStartup: stage=network_bootstrap_begin uptime_us=30435546489 thread=DefaultDispatcher-worker-3
10-03 01:36:46.687 10549 10836 I TimStartup: stage=network_bootstrap_end duration_us=4871
10-03 01:36:50.530 10549 10832 I TimStartup: stage=network_bootstrap_begin uptime_us=30439394014 thread=DefaultDispatcher-worker-1
10-03 01:36:50.534 10549 10832 I TimStartup: stage=network_bootstrap_end duration_us=4711
10-03 01:36:59.171 10549 10832 I TimStartup: stage=network_bootstrap_begin uptime_us=30448035669 thread=DefaultDispatcher-worker-1
10-03 01:37:05.592 10549 10832 I TimStartup: stage=network_bootstrap_end duration_us=6420693
10-03 01:37:58.872 10549 10874 I TimStartup: stage=network_bootstrap_begin uptime_us=30507736732 thread=DefaultDispatcher-worker-7
10-03 01:38:01.165 10549 10874 I TimStartup: stage=network_bootstrap_end duration_us=2293156
10-03 01:40:22.336 10746 10746 I TimStartup: stage=application_create_begin uptime_us=30651200175 thread=main
10-03 01:40:22.336 10746 10746 I TimStartup: stage=application_create_end duration_us=41
10-03 01:40:22.346 10746 10746 I TimStartup: stage=activity_create_begin uptime_us=30651210589 thread=main
10-03 01:40:22.346 10746 10746 I TimStartup: stage=super activity_us=76 uptime_us=30651210689
10-03 01:40:22.346 10746 10746 I TimStartup: stage=database activity_us=246 uptime_us=30651210859
10-03 01:40:22.349 10746 10746 I TimStartup: stage=store activity_us=2633 uptime_us=30651213245
10-03 01:40:22.349 10746 10746 I TimStartup: stage=navigation activity_us=3068 uptime_us=30651213680
10-03 01:40:22.355 10746 10746 I TimStartup: stage=set_content activity_us=8968 uptime_us=30651219580
10-03 01:40:22.355 10746 10746 I TimStartup: stage=activity_create_end duration_us=9006
10-03 01:40:22.372 10746 12045 I TimStartup: stage=cached_day_read_begin uptime_us=30651236892 thread=DefaultDispatcher-worker-1
10-03 01:40:22.383 10746 12045 I TimStartup: stage=cached_day_read_end duration_us=10376
10-03 01:40:22.444 10746 10746 I TimStartup: stage=local_content_frame activity_us=97766 uptime_us=30651308378
10-03 01:40:22.451 10746 12046 I TimStartup: stage=campus_decode_begin uptime_us=30651315348 thread=DefaultDispatcher-worker-2
10-03 01:40:22.581 10746 12046 I TimStartup: stage=campus_decode_end duration_us=129912
10-03 01:40:22.581 10746 12046 I TimStartup: stage=personal_repository_begin uptime_us=30651445536 thread=DefaultDispatcher-worker-2
10-03 01:40:22.581 10746 12067 I TimStartup: stage=campus_native_begin uptime_us=30651445587 thread=DefaultDispatcher-worker-5
10-03 01:40:22.581 10746 12046 I TimStartup: stage=personal_repository_end duration_us=122
10-03 01:40:22.583 10746 12068 I TimStartup: stage=network_bootstrap_begin uptime_us=30651447275 thread=DefaultDispatcher-worker-6
10-03 01:40:22.583 10746 12068 I TimStartup: stage=network_transport_begin uptime_us=30651447377 thread=DefaultDispatcher-worker-6
10-03 01:40:22.583 10746 12068 I TimStartup: stage=network_transport_end duration_us=80
10-03 01:40:22.590 10746 12068 I TimStartup: stage=network_bootstrap_end duration_us=7588
10-03 01:40:22.592 10746 12067 I TimStartup: stage=campus_native_end duration_us=10693
10-03 01:40:22.592 10746 10746 I TimCampus: cached hash=d0e2e4e9290866b000a804c5d4fcf39c82180983c5f62588733848052c75058d nodes=5392
10-03 01:40:23.563 10746 12067 I TimStartup: stage=network_bootstrap_begin uptime_us=30652427572 thread=DefaultDispatcher-worker-5
10-03 01:40:23.568 10746 12067 I TimStartup: stage=network_bootstrap_end duration_us=4655
10-03 01:40:24.446 10746 12067 I TimStartup: stage=fts_warmup_begin uptime_us=30653310719 thread=DefaultDispatcher-worker-5
10-03 01:40:24.449 10746 12067 I TimStartup: stage=fts_warmup_end duration_us=2487
10-03 01:40:25.580 10746 12067 I TimStartup: stage=network_bootstrap_begin uptime_us=30654444765 thread=DefaultDispatcher-worker-5
10-03 01:40:25.589 10746 12067 I TimStartup: stage=network_bootstrap_end duration_us=9059
10-03 01:40:30.098 11151 11151 I TimStartup: stage=application_create_begin uptime_us=30658962813 thread=main
10-03 01:40:30.098 11151 11151 I TimStartup: stage=application_create_end duration_us=39
10-03 01:40:30.112 11151 11151 I TimStartup: stage=activity_create_begin uptime_us=30658976677 thread=main
10-03 01:40:30.112 11151 11151 I TimStartup: stage=super activity_us=73 uptime_us=30658976773
10-03 01:40:30.112 11151 11151 I TimStartup: stage=database activity_us=220 uptime_us=30658976919
10-03 01:40:30.115 11151 11151 I TimStartup: stage=store activity_us=2582 uptime_us=30658979281
10-03 01:40:30.115 11151 11151 I TimStartup: stage=navigation activity_us=3033 uptime_us=30658979733
10-03 01:40:30.122 11151 11151 I TimStartup: stage=set_content activity_us=9513 uptime_us=30658986212
10-03 01:40:30.122 11151 11151 I TimStartup: stage=activity_create_end duration_us=9551
10-03 01:40:30.193 11151 12141 I TimStartup: stage=cached_day_read_begin uptime_us=30659057831 thread=DefaultDispatcher-worker-1
10-03 01:40:30.202 11151 12141 I TimStartup: stage=cached_day_read_end duration_us=9004
10-03 01:40:30.215 11151 11151 I TimStartup: stage=local_content_frame activity_us=102680 uptime_us=30659079379
10-03 01:40:30.222 11151 12167 I TimStartup: stage=personal_repository_begin uptime_us=30659086506 thread=DefaultDispatcher-worker-9
10-03 01:40:30.222 11151 12167 I TimStartup: stage=personal_repository_end duration_us=94
10-03 01:40:30.223 11151 12167 I TimStartup: stage=campus_decode_begin uptime_us=30659087388 thread=DefaultDispatcher-worker-9
10-03 01:40:30.354 11151 12167 I TimStartup: stage=campus_decode_end duration_us=131490
10-03 01:40:30.355 11151 12170 I TimStartup: stage=campus_native_begin uptime_us=30659219290 thread=DefaultDispatcher-worker-11
10-03 01:40:30.356 11151 12167 I TimStartup: stage=network_bootstrap_begin uptime_us=30659220338 thread=DefaultDispatcher-worker-9
10-03 01:40:30.356 11151 12167 I TimStartup: stage=network_transport_begin uptime_us=30659220444 thread=DefaultDispatcher-worker-9
10-03 01:40:30.356 11151 12167 I TimStartup: stage=network_transport_end duration_us=57
10-03 01:40:30.363 11151 12170 I TimStartup: stage=campus_native_end duration_us=8684
10-03 01:40:30.364 11151 11151 I TimCampus: cached hash=d0e2e4e9290866b000a804c5d4fcf39c82180983c5f62588733848052c75058d nodes=5392
10-03 01:40:30.367 11151 12167 I TimStartup: stage=network_bootstrap_end duration_us=11117
10-03 01:40:31.413 11151 12167 I TimStartup: stage=network_bootstrap_begin uptime_us=30660277104 thread=DefaultDispatcher-worker-9
10-03 01:40:31.417 11151 12167 I TimStartup: stage=network_bootstrap_end duration_us=4319
10-03 01:40:32.217 11151 12167 I TimStartup: stage=fts_warmup_begin uptime_us=30661081636 thread=DefaultDispatcher-worker-9
10-03 01:40:32.218 11151 12167 I TimStartup: stage=fts_warmup_end duration_us=1275
10-03 01:40:33.489 11151 12167 I TimStartup: stage=network_bootstrap_begin uptime_us=30662353803 thread=DefaultDispatcher-worker-9
10-03 01:40:33.498 11151 12167 I TimStartup: stage=network_bootstrap_end duration_us=8295
10-03 01:40:37.697 11151 12164 I TimStartup: stage=network_bootstrap_begin uptime_us=30666561893 thread=DefaultDispatcher-worker-4
10-03 01:40:37.704 11151 12164 I TimStartup: stage=network_bootstrap_end duration_us=6410
10-03 01:40:45.019 11151 12167 I TimStartup: stage=network_bootstrap_begin uptime_us=30673883395 thread=DefaultDispatcher-worker-9
10-03 01:40:49.900 11151 12167 I TimStartup: stage=network_bootstrap_end duration_us=4880995
10-03 01:41:38.265 11151 12142 I TimStartup: stage=network_bootstrap_begin uptime_us=30727128928 thread=DefaultDispatcher-worker-2
10-03 01:41:40.793 11151 12142 I TimStartup: stage=network_bootstrap_end duration_us=2528505
10-03 01:47:14.649 11151 12175 I TimFts  : search_us=4216 matches=99 groups=805 tokenize_us=121 ensure_table_us=1 execute_query_us=3912 read_rows_us=3317
10-03 01:47:14.688 11151 12175 I TimFts  : search_us=903 matches=9 groups=805 tokenize_us=61 ensure_table_us=1 execute_query_us=630 read_rows_us=473
